21:32:18 **** Build of configuration Default for project STM32-Computer-Firmware_CA7_linux-6.1.82 ****
make uImage LOADADDR=0xC2000040 
Wrapper for /opt/st/stm32cubeide_1.16.0/plugins/com.st.stm32cube.ide.mpu.linux.toolchain_2.1.0.202305092038/tools/bin/make
FIP_DEPLOYDIR_ROOT: /home/lubuntu/Dokument/GitHub/STM32-Computer/Firmware/STM32-Computer-Firmware/CA7/linux-6.1.82/build/../../FIP_artifacts
+ case "$command" in
+ exec make uImage LOADADDR=0xC2000040
  GEN     Makefile
  CALL    /home/lubuntu/Dokument/GitHub/STM32-Computer/Firmware/STM32-Computer-Firmware/CA7/linux-6.1.82/linux-6.1.82/scripts/checksyscalls.sh
  MODPOST vmlinux.symvers
  Kernel: arch/arm/boot/Image is ready
  Kernel: arch/arm/boot/zImage is ready
  UIMAGE  arch/arm/boot/uImage
Image Name:   Linux-6.1.82
Created:      Thu Sep  5 19:33:44 2024
Image Type:   ARM Linux Kernel Image (uncompressed)
Data Size:    8249856 Bytes = 8056.50 KiB = 7.87 MiB
Load Address: c2000040
Entry Point:  c2000040
  Kernel: arch/arm/boot/uImage is ready
